// Jest Snapshot v1, https://goo.gl/fbAQLP

exports[`App should render loading 1`] = `
<body>
  <div>
    <div
      class="wrapper"
    >
      <h1>
        My Beer Cellar
      </h1>
      <form
        class="form"
      >
        <div>
          <label
            for="name"
          >
            Name:
          </label>
          <input
            id="name"
            name="name"
            type="text"
            value=""
          />
        </div>
        <div>
          <label
            for="description"
          >
            Description:
          </label>
          <input
            id="description"
            name="description"
            type="text"
            value=""
          />
        </div>
        <div>
          <label
            for="label-url"
          >
            Label url:
          </label>
          <input
            id="label-url"
            name="label-url"
            type="text"
            value=""
          />
        </div>
        <button
          type="submit"
        >
          Add Beer
        </button>
      </form>
      <hr />
      <div
        class="action"
      >
        <p>
          Loading...
        </p>
        <p
          class="none-selected"
        >
          Please select a beer
        </p>
      </div>
    </div>
  </div>
</body>
`;
